// Jest Snapshot v1, https://goo.gl/fbAQLP

exports[`Signup Component render correctly 1`] = `
<div
  className="signup"
>
  <form
    className="form"
    onSubmit={[Function]}
  >
    <h1
      className="heading-1 mb-md"
    >
      Sign up
    </h1>
    <div>
      <label
        className="form-text"
        htmlFor="username"
      >
        Username
      </label>
      <input
        className="form-input"
        name="username"
        onChange={[Function]}
        type="text"
      />
    </div>
    <div
      className="mb-sm"
    >
      <label
        className="form-text"
        htmlFor="password"
      >
        Password
      </label>
      <input
        className="form-input mb-sm"
        name="password"
        onChange={[Function]}
        type="text"
      />
    </div>
    <button
      className="btn form-btn mb-sm"
      type="submit"
    >
      Sign up
    </button>
    <p
      className="form-text"
    >
      Already have an account?
       
      <a
        className="form-link"
        href="/login"
        onClick={[Function]}
      >
        Log In
      </a>
    </p>
  </form>
</div>
`;
