// Jest Snapshot v1, https://goo.gl/fbAQLP

exports[`Navbar Component render correctly 1`] = `
<nav
  className="navbar"
>
  <ul
    className="navbar-list"
  >
    <li
      className="navbar-item"
    >
      <a
        className="navbar-link"
        href="/smoothies"
        onClick={[Function]}
      >
        Browse
      </a>
    </li>
    <li
      className="navbar-item"
    >
      <a
        className="navbar-link"
        href="/"
        onClick={[Function]}
      >
        Our Story
      </a>
    </li>
    <li
      className="navbar-item"
    >
      <a
        className="navbar-link"
        href="/"
        onClick={[Function]}
      >
        Gifts
      </a>
    </li>
    <li
      className="navbar-item"
    >
      <a
        className="navbar-logo"
        href="/"
        onClick={[Function]}
      >
        Daily Harvest
      </a>
    </li>
    <li
      className="navbar-item"
    >
      <a
        className="navbar-link"
        href="/"
        onClick={[Function]}
      >
        Help
      </a>
    </li>
    <li
      className="navbar-item"
    >
      <a
        className="navbar-link"
        href="/login"
        onClick={[Function]}
      >
        Login
      </a>
    </li>
    <li
      className="navbar-item"
    >
      <a
        className="navbar-link"
        href="/"
        onClick={[Function]}
      >
        Get Started
      </a>
    </li>
  </ul>
</nav>
`;
