// Jest Snapshot v1, https://goo.gl/fbAQLP

exports[`Smoothies Component render correctly 1`] = `
<div
  className="smoothies-list"
/>
`;
